MAP
  DEFRESOLUTION 96
  #EXTENT 98.3497513477551 -1.41327748792894 105.489708652244 3.21013748792894
  EXTENT 436575.088303332 -257071.62546456 1232692.91169667 479599.62546456
  FONTSET "../../../data/font.list"
  IMAGETYPE "png24"
  NAME "Riau"
  RESOLUTION 96
  SHAPEPATH ""
  SIZE 977 633
  SHAPEPATH "../../../data"
  STATUS ON
  SYMBOLSET "../../../data/symbols.sym"
  #UNITS DD
  UNITS METERS

  OUTPUTFORMAT
    NAME "png24"
    MIMETYPE "image/png"
    DRIVER "AGG/PNG"
    EXTENSION "png"
    IMAGEMODE RGBA
    TRANSPARENT TRUE
  END # OUTPUTFORMAT

  OUTPUTFORMAT
    NAME "print"
    MIMETYPE "image/png"
    DRIVER "AGG/PNG"
    EXTENSION "png"
    IMAGEMODE RGB
    TRANSPARENT FALSE
  END # OUTPUTFORMAT

  ## PROJECTION
  ##   "proj=longlat"
  ##   "datum=WGS84"
  ##   "no_defs"
  ## END # PROJECTION
  
  PROJECTION
    "proj=utm"
    "zone=47"
    "datum=WGS84"
    "units=m"
    "no_defs"
  END # PROJECTION  
  
  LEGEND
    KEYSIZE 20 10
    KEYSPACING 5 5
    LABEL
      SIZE MEDIUM
      OFFSET 0 0
      SHADOWSIZE 1 1
      TYPE BITMAP
    END # LABEL
    STATUS OFF
  END # LEGEND

  QUERYMAP
    SIZE -1 -1
    STATUS OFF
    STYLE HILITE
  END # QUERYMAP

  SCALEBAR
    INTERVALS 4
    LABEL
      SIZE MEDIUM
      OFFSET 0 0
      SHADOWSIZE 1 1
      TYPE BITMAP
    END # LABEL
    SIZE 200 3
    STATUS OFF
    UNITS MILES
  END # SCALEBAR

#


  # referensi
REFERENCE
  #EXTENT 99.1719509401651 -1.53723601136328 104.941771306549 2.88266411835743
  EXTENT 519127.02320783 -169911.94650867375 1161528.0897290842 320353.4593739269
  IMAGE "../../images/riau_266x204.png"
  SIZE 266 204
  COLOR -1 -1 -1
  OUTLINECOLOR 255 0 0
END  # Reference

  
  WEB
    TEMPLATE "map.html"
    IMAGEPATH "/ms4w/tmp/ms_tmp/"
    IMAGEURL "/ms_tmp/"  
    METADATA
      "distance_units"	"MS_METERS"
      "mapmanager_version"	"1.0.0.0"
      "coordsys_name"	"Longitude-Latitude / WGS 84"
    END # METADATA
  END # WEB




#
# Start of legend object
#
LEGEND
	STATUS OFF
	IMAGECOLOR 255 255 255
#	OUTLINECOLOR 0 0 0
	POSITION ll
	KEYSIZE 18 12
	KEYSPACING 10 5 
	TEMPLATE "void"
	LABEL
		TYPE TRUETYPE
		FONT "FreeSans"
		SIZE small
		POSITION AUTO
		COLOR 0 0 89
		OUTLINECOLOR 255 255 255
		ANTIALIAS TRUE
	END
END

#
# Start of ScaleBar definition
#
SCALEBAR
  STATUS off
  TRANSPARENT off
  INTERVALS 4
  SIZE 200 3
  UNITS kilometers
  COLOR 250 250 250
  OUTLINECOLOR 0 0 0
  BACKGROUNDCOLOR 100 100 100
  STYLE 0
  POSTLABELCACHE true
  LABEL
    COLOR 0 0 90
    #OUTLINECOLOR 200 200 200
    SIZE small
  END  # Label
END  # Reference



# SYMBOLS USED IN PMAPPER
# - 'circle' always necessary (used e.g. for highlight)
# - 'square' used in currecnt map file
# Symbols can also be defined via tag SYMBOLSET (see above)
Symbol
  Name 'circle'
  Type ELLIPSE
  Filled TRUE
  Points
    1 1
  END
END 

Symbol
  Name 'square'
  Type VECTOR
  Filled TRUE
  Points
    0 1
    0 0
    1 0
    1 1
    0 1
  END
END



  ### INGAT bahwa dalam mapserver, layer yang paling dibawah ditulis duluan
  LAYER
    CONNECTION "riaukec2016.shp"
    CONNECTIONTYPE OGR
    METADATA
	  ## DESCRIPTION ini akan tampil di TOC, sedangkan nama tidak boleh ada spasi
	  DESCRIPTION "Kabupaten / Kota"
      "coordsys_name"	"Longitude-Latitude / WGS 84"
    END # METADATA
    NAME "Kabupaten_Kota"
    PROJECTION
      "proj=longlat"
      "datum=WGS84"
      "no_defs"
    END # PROJECTION
    STATUS ON
    TEMPLATE "query.html"
    TILEITEM "location"
    TYPE POLYGON
    UNITS METERS
    CLASS
      NAME "BENGKALIS"
      EXPRESSION ("[nm_kabkota]" ="BENGKALIS")
      STYLE
        COLOR 137 237 169
      END # STYLE
      STYLE
        OUTLINECOLOR 0 0 1
      END # STYLE
    END # CLASS
    CLASS
      NAME "DUMAI"
      EXPRESSION ("[nm_kabkota]" ="DUMAI")
      STYLE
        COLOR 62 223 26
      END # STYLE
      STYLE
        OUTLINECOLOR 0 0 1
      END # STYLE
    END # CLASS
    CLASS
      NAME "INDRAGIRI HILIR"
      EXPRESSION ("[nm_kabkota]" ="INDRAGIRI HILIR")
      STYLE
        COLOR 101 47 209
      END # STYLE
      STYLE
        OUTLINECOLOR 0 0 1
      END # STYLE
    END # CLASS
    CLASS
      NAME "INDRAGIRI HULU"
      EXPRESSION ("[nm_kabkota]" ="INDRAGIRI HULU")
      STYLE
        COLOR 201 64 228
      END # STYLE
      STYLE
        OUTLINECOLOR 0 0 1
      END # STYLE
    END # CLASS
    CLASS
      NAME "KAMPAR"
      EXPRESSION ("[nm_kabkota]" ="KAMPAR")
      STYLE
        COLOR 42 236 201
      END # STYLE
      STYLE
        OUTLINECOLOR 0 0 1
      END # STYLE
    END # CLASS
    CLASS
      NAME "KEPULAUAN MERANTI"
      EXPRESSION ("[nm_kabkota]" ="KEPULAUAN MERANTI")
      STYLE
        COLOR 213 41 156
      END # STYLE
      STYLE
        OUTLINECOLOR 0 0 1
      END # STYLE
    END # CLASS
    CLASS
      NAME "KOTA PEKANBARU"
      EXPRESSION ("[nm_kabkota]" ="KOTA PEKANBARU")
      STYLE
        COLOR 20 53 218
      END # STYLE
      STYLE
        OUTLINECOLOR 0 0 1
      END # STYLE
    END # CLASS
    CLASS
      NAME "KUANTAN SINGINGI"
      EXPRESSION ("[nm_kabkota]" ="KUANTAN SINGINGI")
      STYLE
        COLOR 235 42 78
      END # STYLE
      STYLE
        OUTLINECOLOR 0 0 1
      END # STYLE
    END # CLASS
    CLASS
      NAME "PELALAWAN"
      EXPRESSION ("[nm_kabkota]" ="PELALAWAN")
      STYLE
        COLOR 152 214 18
      END # STYLE
      STYLE
        OUTLINECOLOR 0 0 1
      END # STYLE
    END # CLASS
    CLASS
      NAME "ROKAN HILIR"
      EXPRESSION ("[nm_kabkota]" ="ROKAN HILIR")
      STYLE
        COLOR 95 174 213
      END # STYLE
      STYLE
        OUTLINECOLOR 0 0 1
      END # STYLE
    END # CLASS
    CLASS
      NAME "ROKAN HULU"
      EXPRESSION ("[nm_kabkota]" ="ROKAN HULU")
      STYLE
        COLOR 236 95 29
      END # STYLE
      STYLE
        OUTLINECOLOR 0 0 1
      END # STYLE
    END # CLASS
    CLASS
      NAME "SIAK"
      EXPRESSION ("[nm_kabkota]" ="SIAK")
      STYLE
        COLOR 212 176 14
      END # STYLE
      STYLE
        OUTLINECOLOR 0 0 1
      END # STYLE
    END # CLASS
  END # LAYER

END # MAP
